0 verbose cli /usr/local/bin/node /usr/local/lib/node_modules/npm/bin/npm-cli.js
1 info using npm@10.9.2
2 info using node@v22.15.1
3 silly config load:file:/usr/local/lib/node_modules/npm/npmrc
4 silly config load:file:/Users/alpha/Documents/atlas-immobilier/.npmrc
5 silly config load:file:/Users/alpha/.npmrc
6 silly config load:file:/usr/local/etc/npmrc
7 verbose title npm exec vercel --prod --yes
8 verbose argv "exec" "--" "vercel" "--prod" "--yes"
9 verbose logfile logs-max:10 dir:/Users/alpha/Documents/atlas-immobilier/.npm-cache/_logs/2026-02-26T14_50_26_123Z-
10 verbose logfile /Users/alpha/Documents/atlas-immobilier/.npm-cache/_logs/2026-02-26T14_50_26_123Z-debug-0.log
11 silly logfile start cleaning logs, removing 1 files
12 silly logfile done cleaning log files
13 silly packumentCache heap:4345298944 maxSize:1086324736 maxEntrySize:543162368
14 http fetch GET 200 https://registry.npmjs.org/vercel 142ms (cache revalidated)
15 silly packumentCache heap:4345298944 maxSize:1086324736 maxEntrySize:543162368
16 silly packumentCache heap:4345298944 maxSize:1086324736 maxEntrySize:543162368
17 verbose cwd /Users/alpha/Documents/atlas-immobilier
18 verbose os Darwin 25.2.0
19 verbose node v22.15.1
20 verbose npm  v10.9.2
21 verbose exit 0
22 info ok
